// Jest Snapshot v1, https://goo.gl/fbAQLP

exports[`Preview component  matches snapshot 1`] = `
Array [
  <div
    className="preview"
  >
    <div
      className="preview__item"
    >
      <div
        className="preview__block"
      >
        <div
          className="preview__image"
          style={
            Object {
              "backgroundImage": "url(https://uae-gallery-test-bucket.s3.eu-central-1.amazonaws.com/cat1.png)",
            }
          }
        />
        <div
          className="preview__name"
        >
          test image
        </div>
        <div
          className="preview__status"
        />
      </div>
      <button
        onClick={[Function]}
      >
        <img
          alt="close modal"
          className="preview__close"
          src="./img/close.svg"
        />
      </button>
    </div>
  </div>,
  <div
    className="preview__block preview__block--footer"
  >
    <button
      className="preview__button"
      onClick={[Function]}
      type="button"
    >
      Upload
    </button>
  </div>,
]
`;
